// Jest Snapshot v1, https://goo.gl/fbAQLP

exports[`<Carousel /> renders correctly 1`] = `
<div>
  <div
    className="carousel"
  >
    <div
      className="carousel-inner"
    />
    <span
      className="arrow-prev-bg d-md-none disabled-arrow"
      onClick={null}
    >
      <img
        className="arrow-prev"
        src="test-file-stub"
      />
    </span>
    <span
      className="arrow-next-bg d-md-none "
      onClick={[Function]}
    >
      <img
        className="arrow-next"
        src="test-file-stub"
      />
    </span>
  </div>
  <div
    className="carousel-footer d-none d-md-block"
  >
    <div
      className="row justify-content-center footer"
    />
    <div
      className="row justify-content-center footer"
    >
      <button
        className="btn prev"
        disabled="disabled"
        onClick={[Function]}
      >
        Prev
      </button>
      <button
        className="btn next"
        disabled=""
        onClick={[Function]}
      >
        Next
      </button>
    </div>
  </div>
</div>
`;

exports[`<Header /> renders correctly 1`] = `
<div
  className="carousel-header"
>
  <h1>
    Carousel Test
  </h1>
</div>
`;

exports[`<IndicatorBar /> renders correctly 1`] = `
<div
  className="row justify-content-center footer"
/>
`;

exports[`<Indicators /> renders correctly 1`] = `
<div
  className="indicator "
  onClick={[Function]}
/>
`;

exports[`<Slide /> renders correctly 1`] = `
<div
  className="carousel-slide col-12 col-md-4 col-lg-2 active"
  style={
    Object {
      "transform": "translateX(-NaN%) scaleY(1.2)",
    }
  }
>
  <span
    className="img-number d-none d-md-block"
  >
    NaN
  </span>
  <img
    className="img-fluid"
  />
  <h4
    className="mt-2"
  >
    a
  </h4>
</div>
`;
